Command: ['/opt/homebrew/opt/python@3.14/bin/python3.14', '-u', '/Users/menglinlyu/Develop/sekai-takehome-feed-moderation/mock/server.py', '--host', '127.0.0.1', '--fail-rate', '1.0']
2026-09-05T23:34:16.363992+00:00 mock feed on http://127.0.0.1:8787  (emulator: http://10.0.2.2:8787)
2026-09-05T23:34:16.364350+00:00   page size 6 · latency 350ms · item ~5MB · moderation fail rate 1.0
2026-09-05T23:34:40.006991+00:00   GET /content/game_0007 → "GET /content/game_0007 HTTP/1.1" 200 -
2026-09-05T23:34:41.487688+00:00   GET /content/game_0010 → "GET /content/game_0010 HTTP/1.1" 200 -
2026-09-05T23:35:21.806938+00:00   GET /content/game_0011 → "GET /content/game_0011 HTTP/1.1" 200 -
2026-09-05T23:35:22.115872+00:00   POST /api/report/content/v1/reportContent → "POST /api/report/content/v1/reportContent HTTP/1.1" 200 -
2026-09-05T23:35:27.604202+00:00   POST /api/report/content/v1/reportContent → "POST /api/report/content/v1/reportContent HTTP/1.1" 200 -
2026-09-05T23:35:58.050290+00:00   POST /api/report/content/v1/reportContent → "POST /api/report/content/v1/reportContent HTTP/1.1" 200 -
2026-09-05T23:36:03.479076+00:00   POST /api/report/content/v1/reportContent → "POST /api/report/content/v1/reportContent HTTP/1.1" 200 -
2026-09-05T23:36:10.693467+00:00   GET /api/user/info/v1/userProfile?user_id=creator_5 → "GET /api/user/info/v1/userProfile?user_id=creator_5 HTTP/1.1" 200 -
2026-09-05T23:36:10.694842+00:00   GET /api/game/list/v1/userGames?page=0&size=10&user_id=creator_5 → "GET /api/game/list/v1/userGames?page=0&size=10&user_id=creator_5 HTTP/1.1" 200 -
2026-09-05T23:36:10.772857+00:00   GET /avatar/creator_5 → "GET /avatar/creator_5 HTTP/1.1" 200 -
2026-09-05T23:36:10.773039+00:00   GET /avatar/creator_5 → "GET /avatar/creator_5 HTTP/1.1" 200 -
2026-09-05T23:36:10.784000+00:00   GET /avatar/creator_5 → "GET /avatar/creator_5 HTTP/1.1" 200 -
2026-09-05T23:36:10.784262+00:00   GET /avatar/creator_5 → "GET /avatar/creator_5 HTTP/1.1" 200 -  GET /avatar/creator_5 → "GET /avatar/creator_5 HTTP/1.1" 200 -  GET /avatar/creator_5 → "GET /avatar/creator_5 HTTP/1.1" 200 -
2026-09-05T23:36:10.784312+00:00 
2026-09-05T23:36:10.784427+00:00   GET /avatar/creator_5 → "GET /avatar/creator_5 HTTP/1.1" 200 -
2026-09-05T23:36:10.784466+00:00 
2026-09-05T23:36:36.144231+00:00   GET /content/game_0012 → "GET /content/game_0012 HTTP/1.1" 200 -
2026-09-05T23:36:36.452986+00:00   POST /api/user/block/v1/blockUser → "POST /api/user/block/v1/blockUser HTTP/1.1" 200 -
2026-09-05T23:36:41.932534+00:00   POST /api/user/block/v1/blockUser → "POST /api/user/block/v1/blockUser HTTP/1.1" 200 -
2026-09-05T23:37:57.542946+00:00   GET /game/feed?limit=10&refresh=0 → "GET /game/feed?limit=10&refresh=0 HTTP/1.1" 200 -
2026-09-05T23:37:57.879934+00:00   GET /content/game_0005 → "GET /content/game_0005 HTTP/1.1" 200 -  GET /content/game_0000 → "GET /content/game_0000 HTTP/1.1" 200 -
2026-09-05T23:37:57.880149+00:00 
2026-09-05T23:38:14.431677+00:00   GET /content/game_0006 → "GET /content/game_0006 HTTP/1.1" 200 -
2026-09-05T23:38:14.739936+00:00   GET /game/feed?limit=10&refresh=1 → "GET /game/feed?limit=10&refresh=1 HTTP/1.1" 200 -
2026-09-05T23:38:16.673928+00:00   GET /content/game_0007 → "GET /content/game_0007 HTTP/1.1" 200 -
2026-09-05T23:38:17.595994+00:00   GET /content/game_0012 → "GET /content/game_0012 HTTP/1.1" 200 -
2026-09-05T23:38:19.460135+00:00   GET /content/game_0013 → "GET /content/game_0013 HTTP/1.1" 200 -
2026-09-05T23:38:21.093417+00:00   GET /content/game_0014 → "GET /content/game_0014 HTTP/1.1" 200 -
2026-09-05T23:38:22.284842+00:00   GET /content/game_0007 → "GET /content/game_0007 HTTP/1.1" 200 -
2026-09-05T23:41:11.321616+00:00   GET /api/user/info/v1/userProfile?user_id=creator_6 → "GET /api/user/info/v1/userProfile?user_id=creator_6 HTTP/1.1" 200 -  GET /api/game/list/v1/userGames?page=0&size=10&user_id=creator_6 → "GET /api/game/list/v1/userGames?page=0&size=10&user_id=creator_6 HTTP/1.1" 200 -
2026-09-05T23:41:11.323307+00:00 
2026-09-05T23:41:11.430686+00:00   GET /avatar/creator_6 → "GET /avatar/creator_6 HTTP/1.1" 200 -
2026-09-05T23:41:11.431027+00:00   GET /avatar/creator_6 → "GET /avatar/creator_6 HTTP/1.1" 200 -
2026-09-05T23:41:11.440356+00:00   GET /avatar/creator_6 → "GET /avatar/creator_6 HTTP/1.1" 200 -
2026-09-05T23:41:11.440937+00:00   GET /avatar/creator_6 → "GET /avatar/creator_6 HTTP/1.1" 200 -
2026-09-05T23:41:11.441365+00:00   GET /avatar/creator_6 → "GET /avatar/creator_6 HTTP/1.1" 200 -
2026-09-05T23:41:11.441491+00:00   GET /avatar/creator_6 → "GET /avatar/creator_6 HTTP/1.1" 200 -
2026-09-05T23:41:11.442073+00:00   GET /avatar/creator_6 → "GET /avatar/creator_6 HTTP/1.1" 200 -
